Microchip MPLAB XC8 Compiler V2.32

Linker command line:

-W-3 --edf=C:\Program Files\Microchip\xc8\v2.32\pic\dat\en_msgs.txt -cn \
  -h+dist/default/production\Sense_heat.X.production.sym \
  --cmf=dist/default/production\Sense_heat.X.production.cmf -z -Q18F4550 \
  -oC:\Users\Aluno\AppData\Local\Temp\xcAs7c8.4 --defsym=__MPLAB_BUILD=1 \
  -Mdist/default/production/Sense_heat.X.production.map -E1 \
  -ver=XC8 Compiler --acfsm=1493 -ASTACK=060h-07FFh -pstack=STACK \
  -ACODE=00h-07FFFh -ACONST=00h-07FFFh -ASMALLCONST=0800h-08FFhx120 \
  -AMEDIUMCONST=0800h-07FFFh -ACOMRAM=01h-05Fh -AABS1=00h-07FFh \
  -ABIGRAM=01h-07FFh -ARAM=060h-0FFh,0100h-01FFhx7 -ABANK0=060h-0FFh \
  -ABANK1=0100h-01FFh -ABANK2=0200h-02FFh -ABANK3=0300h-03FFh \
  -ABANK4=0400h-04FFh -ABANK5=0500h-05FFh -ABANK6=0600h-06FFh \
  -ABANK7=0700h-07FFh -ASFR=0F60h-0FFFh -ACONFIG=0300000h-030000Dh \
  -AIDLOC=0200000h-0200007h -AEEDATA=0F00000h-0F000FFh -peeprom_data=EEDATA \
  -preset_vec=00h,intcode,intcodelo,powerup,init -pramtop=0800h \
  -psmallconst=SMALLCONST -pmediumconst=MEDIUMCONST -pconst=CONST \
  -AFARRAM=00h-00h \
  -prdata=COMRAM,nvrram=COMRAM,nvbit=COMRAM,rbss=COMRAM,rbit=COMRAM \
  -pfarbss=FARRAM,fardata=FARRAM,nvFARRAM=FARRAM \
  -pintsave_regs=BIGRAM,bigbss=BIGRAM,bigdata=BIGRAM -pbss=RAM \
  -pidata=CODE,irdata=CODE,ibigdata=CODE,ifardata=CODE -prparam=COMRAM \
  C:\Users\Aluno\AppData\Local\Temp\xcAs7c8.o \
  dist/default/production\Sense_heat.X.production.o 

Object code version is 3.11

Machine type is 18F4550



                Name                               Link     Load   Length Selector   Space Scale
C:\Users\Aluno\AppData\Local\Temp\xcAs7c8.o
                idloc                            200000   200000        8        0       5
                config                           300000   300000        E        0       4
                init                                  0        0        4        0       0
dist/default/production\Sense_heat.X.production.o
                idloc                            200000   200000        8        0       5
                config                           300000   300000        E        0       4
                smallconst                          800      800       2A      400       0
                text15                             1A60     1A60       3A      415       0
                text14                             1AF0     1AF0        A      415       0
                text13                             1A22     1A22       3E      415       0
                text12                             19E4     19E4       3E      415       0
                text11                              82A      82A      4DC      415       0
                text10                             195E     195E       46      415       0
                text9                              1AD2     1AD2       10      415       0
                text8                              1AC0     1AC0       12      415       0
                text7                              19A4     19A4       40      415       0
                text6                              1826     1826       EE      415       0
                text5                              1142     1142      42A      415       0
                text4                              1720     1720      106      415       0
                text3                              1A9A     1A9A       26      415       0
                text2                              156C     156C      1B4      415       0
                text1                              1914     1914       4A      415       0
                text0                               D06      D06      43C      415       0
                cstackCOMRAM                          1        1       45        1       1
                cinit                              1AE2     1AE2        E      415       0

TOTAL           Name                               Link     Load   Length     Space
        CLASS   STACK          

        CLASS   CODE           
                init                                  0        0        4         0
                text15                             1A60     1A60       3A         0
                text14                             1AF0     1AF0        A         0
                text13                             1A22     1A22       3E         0
                text12                             19E4     19E4       3E         0
                text11                              82A      82A      4DC         0
                text10                             195E     195E       46         0
                text9                              1AD2     1AD2       10         0
                text8                              1AC0     1AC0       12         0
                text7                              19A4     19A4       40         0
                text6                              1826     1826       EE         0
                text5                              1142     1142      42A         0
                text4                              1720     1720      106         0
                text3                              1A9A     1A9A       26         0
                text2                              156C     156C      1B4         0
                text1                              1914     1914       4A         0
                text0                               D06      D06      43C         0
                cinit                              1AE2     1AE2        E         0

        CLASS   CONST          

        CLASS   SMALLCONST     
                smallconst                          800      800       2A         0

        CLASS   MEDIUMCONST    

        CLASS   COMRAM         
                cstackCOMRAM                          1        1       45         1

        CLASS   ABS1           

        CLASS   BIGRAM         

        CLASS   RAM            

        CLASS   BANK0          

        CLASS   BANK1          

        CLASS   BANK2          

        CLASS   BANK3          

        CLASS   BANK4          

        CLASS   BANK5          

        CLASS   BANK6          

        CLASS   BANK7          

        CLASS   SFR            

        CLASS   CONFIG         
                config                           300000   300000        E         4

        CLASS   IDLOC          
                idloc                            200000   200000        8         5

        CLASS   EEDATA         

        CLASS   FARRAM         



SEGMENTS        Name                           Load    Length   Top    Selector   Space  Class

                reset_vec                      000000  000004  000004         0       0  CODE    
                cstackCOMRAM                   000001  000045  000046         1       1  COMRAM  
                smallconst                     000800  00002A  00082A       400       0  SMALLCON
                text11                         00082A  0012D0  001AFA       415       0  CODE    


UNUSED ADDRESS RANGES

        Name                Unused          Largest block    Delta
        BANK0            000060-0000FF               A0
        BANK1            000100-0001FF              100
        BANK2            000200-0002FF              100
        BANK3            000300-0003FF              100
        BANK4            000400-0004FF              100
        BANK5            000500-0005FF              100
        BANK6            000600-0006FF              100
        BANK7            000700-0007FF              100
        BIGRAM           000046-0007FF              7BA
        CODE             000004-0007FF              7FC
                         001AFA-007FFF             6506
        COMRAM           000046-00005F               1A
        CONST            000004-0007FF              7FC
                         001AFA-007FFF             6506
        EEDATA           F00000-F000FF              100
        MEDIUMCONST      001AFA-007FFF             6506
        RAM              000060-0007FF              100
        SFR              000F60-000FFF               A0
        SMALLCONST       001AFA-007FFF              100
        STACK            000060-0007FF              7A0

                                  Symbol Table

?_DescobrePosicao            cstackCOMRAM 000001
?_LeTecladoMatricial         cstackCOMRAM 000003
?___flmul                    cstackCOMRAM 00000F
?___fltol                    cstackCOMRAM 000028
?___wmul                     cstackCOMRAM 000001
?___xxtofl                   cstackCOMRAM 000001
DescobrePosicao@contador     cstackCOMRAM 000001
LeTecladoMatricial@a         cstackCOMRAM 000007
LeTecladoMatricial@contador  cstackCOMRAM 000003
OpenXLCD@lcdtype             cstackCOMRAM 000002
SetDDRamAddr@DDaddr          cstackCOMRAM 000001
WriteCmdXLCD@cmd             cstackCOMRAM 000001
WriteDataXLCD@data           cstackCOMRAM 000001
_ADCON0                      (abs)        000FC2
_ADCON0bits                  (abs)        000FC2
_ADCON1                      (abs)        000FC1
_ADCON2                      (abs)        000FC0
_ADRESH                      (abs)        000FC4
_ADRESL                      (abs)        000FC3
_BusyXLCD                    text10       00195E
_DelayFor18TCY               text14       001AF0
_DelayPORXLCD                text9        001AD2
_DelayXLCD                   text8        001AC0
_DescobrePosicao             text15       001A60
_LATEbits                    (abs)        000F8D
_LeTecladoMatricial          text11       00082A
_OpenXLCD                    text6        001826
_PORTBbits                   (abs)        000F81
_PORTCbits                   (abs)        000F82
_PORTD                       (abs)        000F83
_PORTDbits                   (abs)        000F83
_SetDDRamAddr                text7        0019A4
_TRISAbits                   (abs)        000F92
_TRISBbits                   (abs)        000F93
_TRISCbits                   (abs)        000F94
_TRISD                       (abs)        000F95
_TRISDbits                   (abs)        000F95
_TRISEbits                   (abs)        000F96
_WriteCmdXLCD                text13       001A22
_WriteDataXLCD               text12       0019E4
__HRAM                       (abs)        000000
__Habs1                      abs1         000000
__Hbank0                     bank0        000000
__Hbank1                     bank1        000000
__Hbank2                     bank2        000000
__Hbank3                     bank3        000000
__Hbank4                     bank4        000000
__Hbank5                     bank5        000000
__Hbank6                     bank6        000000
__Hbank7                     bank7        000000
__Hbigbss                    bigbss       000000
__Hbigdata                   bigdata      000000
__Hbigram                    bigram       000000
__Hbss                       bss          000000
__Hcinit                     cinit        000000
__Hclrtext                   clrtext      000000
__Hcomram                    comram       000000
__Hconfig                    config       30000E
__Hconst                     const        000000
__HcstackCOMRAM              cstackCOMRAM 000000
__Hdata                      data         000000
__Heeprom_data               eeprom_data  000000
__Hfarbss                    farbss       000000
__Hfardata                   fardata      000000
__Hibigdata                  ibigdata     000000
__Hidata                     idata        000000
__Hidloc                     idloc        200008
__Hifardata                  ifardata     000000
__Hinit                      init         000004
__Hintcode                   intcode      000000
__Hintcode_body              intcode_body 000000
__Hintcodelo                 intcodelo    000000
__Hintentry                  intentry     000000
__Hintret                    intret       000000
__Hintsave_regs              intsave_regs 000000
__Hirdata                    irdata       000000
__Hmediumconst               mediumconst  000000
__HnvFARRAM                  nvFARRAM     000000
__Hnvbit                     nvbit        000000
__Hnvrram                    nvrram       000000
__Hparam                     rparam       000000
__Hpowerup                   powerup      000000
__Hram                       ram          000000
__Hramtop                    ramtop       000800
__Hrbit                      rbit         000000
__Hrbss                      rbss         000000
__Hrdata                     rdata        000000
__Hreset_vec                 reset_vec    000000
__Hrparam                    rparam       000000
__Hsfr                       sfr          000000
__Hsmallconst                smallconst   00082A
__Hspace_0                   (abs)        001AFA
__Hspace_1                   (abs)        000046
__Hspace_2                   (abs)        000000
__Hspace_4                   (abs)        60000E
__Hstack                     stack        000000
__Hstruct                    struct       000000
__Htemp                      temp         000000
__Htext                      text         000000
__Htext0                     text0        000000
__Htext1                     text1        000000
__Htext10                    text10       000000
__Htext11                    text11       000000
__Htext12                    text12       000000
__Htext13                    text13       000000
__Htext14                    text14       000000
__Htext15                    text15       000000
__Htext2                     text2        000000
__Htext3                     text3        000000
__Htext4                     text4        000000
__Htext5                     text5        000000
__Htext6                     text6        000000
__Htext7                     text7        000000
__Htext8                     text8        000000
__Htext9                     text9        000000
__LRAM                       (abs)        000001
__Labs1                      abs1         000000
__Lbank0                     bank0        000000
__Lbank1                     bank1        000000
__Lbank2                     bank2        000000
__Lbank3                     bank3        000000
__Lbank4                     bank4        000000
__Lbank5                     bank5        000000
__Lbank6                     bank6        000000
__Lbank7                     bank7        000000
__Lbigbss                    bigbss       000000
__Lbigdata                   bigdata      000000
__Lbigram                    bigram       000000
__Lbss                       bss          000000
__Lcinit                     cinit        000000
__Lclrtext                   clrtext      000000
__Lcomram                    comram       000000
__Lconfig                    config       000000
__Lconst                     const        000000
__LcstackCOMRAM              cstackCOMRAM 000000
__Ldata                      data         000000
__Leeprom_data               eeprom_data  000000
__Lfarbss                    farbss       000000
__Lfardata                   fardata      000000
__Libigdata                  ibigdata     000000
__Lidata                     idata        000000
__Lidloc                     idloc        000000
__Lifardata                  ifardata     000000
__Linit                      init         000000
__Lintcode                   intcode      000000
__Lintcode_body              intcode_body 000000
__Lintcodelo                 intcodelo    000000
__Lintentry                  intentry     000000
__Lintret                    intret       000000
__Lintsave_regs              intsave_regs 000000
__Lirdata                    irdata       000000
__Lmediumconst               mediumconst  000000
__LnvFARRAM                  nvFARRAM     000000
__Lnvbit                     nvbit        000000
__Lnvrram                    nvrram       000000
__Lparam                     rparam       000000
__Lpowerup                   powerup      000000
__Lram                       ram          000000
__Lramtop                    ramtop       000800
__Lrbit                      rbit         000000
__Lrbss                      rbss         000000
__Lrdata                     rdata        000000
__Lreset_vec                 reset_vec    000000
__Lrparam                    rparam       000000
__Lsfr                       sfr          000000
__Lsmallconst                smallconst   000800
__Lspace_0                   (abs)        000000
__Lspace_1                   (abs)        000000
__Lspace_2                   (abs)        000000
__Lspace_4                   (abs)        000000
__Lstack                     stack        000000
__Lstruct                    struct       000000
__Ltemp                      temp         000000
__Ltext                      text         000000
__Ltext0                     text0        000000
__Ltext1                     text1        000000
__Ltext10                    text10       000000
__Ltext11                    text11       000000
__Ltext12                    text12       000000
__Ltext13                    text13       000000
__Ltext14                    text14       000000
__Ltext15                    text15       000000
__Ltext2                     text2        000000
__Ltext3                     text3        000000
__Ltext4                     text4        000000
__Ltext5                     text5        000000
__Ltext6                     text6        000000
__Ltext7                     text7        000000
__Ltext8                     text8        000000
__Ltext9                     text9        000000
__S0                         (abs)        001AFA
__S1                         (abs)        000046
__S2                         (abs)        000000
__S4                         (abs)        000000
__S5                         (abs)        000000
___flmul                     text5        001142
___flmul@a                   cstackCOMRAM 000013
___flmul@aexp                cstackCOMRAM 000020
___flmul@b                   cstackCOMRAM 00000F
___flmul@bexp                cstackCOMRAM 000021
___flmul@grs                 cstackCOMRAM 00001C
___flmul@prod                cstackCOMRAM 000022
___flmul@sign                cstackCOMRAM 00001B
___flmul@temp                cstackCOMRAM 000026
___fltol                     text4        001720
___fltol@exp1                cstackCOMRAM 000031
___fltol@f1                  cstackCOMRAM 000028
___fltol@sign1               cstackCOMRAM 000030
___inthi_sp                  stack        000000
___intlo_sp                  stack        000000
___param_bank                (abs)        000000
___rparam_used               (abs)        000001
___sp                        stack        000000
___wmul                      text3        001A9A
___wmul@multiplicand         cstackCOMRAM 000003
___wmul@multiplier           cstackCOMRAM 000001
___wmul@product              cstackCOMRAM 000005
___xxtofl                    text2        00156C
___xxtofl@arg                cstackCOMRAM 00000B
___xxtofl@exp                cstackCOMRAM 00000A
___xxtofl@sign               cstackCOMRAM 000009
___xxtofl@val                cstackCOMRAM 000001
__accesstop                  (abs)        000060
__activetblptr               (abs)        000001
__end_of_BusyXLCD            text10       0019A4
__end_of_DelayFor18TCY       text14       001AFA
__end_of_DelayPORXLCD        text9        001AE2
__end_of_DelayXLCD           text8        001AD2
__end_of_DescobrePosicao     text15       001A9A
__end_of_LeTecladoMatricial  text11       000D06
__end_of_OpenXLCD            text6        001914
__end_of_SetDDRamAddr        text7        0019E4
__end_of_WriteCmdXLCD        text13       001A60
__end_of_WriteDataXLCD       text12       001A22
__end_of___flmul             text5        00156C
__end_of___fltol             text4        001826
__end_of___wmul              text3        001AC0
__end_of___xxtofl            text2        001720
__end_of__initialization     cinit        001AE2
__end_of_main                text0        001142
__end_of_putsXLCD            text1        00195E
__initialization             cinit        001AE2
__mediumconst                mediumconst  000000
__pcinit                     cinit        001AE2
__pcstackCOMRAM              cstackCOMRAM 000001
__psmallconst                smallconst   000800
__ptext0                     text0        000D06
__ptext1                     text1        001914
__ptext10                    text10       00195E
__ptext11                    text11       00082A
__ptext12                    text12       0019E4
__ptext13                    text13       001A22
__ptext14                    text14       001AF0
__ptext15                    text15       001A60
__ptext2                     text2        00156C
__ptext3                     text3        001A9A
__ptext4                     text4        001720
__ptext5                     text5        001142
__ptext6                     text6        001826
__ptext7                     text7        0019A4
__ptext8                     text8        001AC0
__ptext9                     text9        001AD2
__ramtop                     ramtop       000800
__size_of_BusyXLCD           (abs)        000000
__size_of_DelayFor18TCY      (abs)        000000
__size_of_DelayPORXLCD       (abs)        000000
__size_of_DelayXLCD          (abs)        000000
__size_of_DescobrePosicao    (abs)        000000
__size_of_LeTecladoMatricial (abs)        000000
__size_of_OpenXLCD           (abs)        000000
__size_of_SetDDRamAddr       (abs)        000000
__size_of_WriteCmdXLCD       (abs)        000000
__size_of_WriteDataXLCD      (abs)        000000
__size_of___flmul            (abs)        000000
__size_of___fltol            (abs)        000000
__size_of___wmul             (abs)        000000
__size_of___xxtofl           (abs)        000000
__size_of_main               (abs)        000000
__size_of_putsXLCD           (abs)        000000
__smallconst                 smallconst   000800
_main                        text0        000D06
_putsXLCD                    text1        001914
end_of_initialization        cinit        001AE2
intlevel0                    text         000000
intlevel1                    text         000000
intlevel2                    text         000000
intlevel3                    text         000000
isa$std                      (abs)        000001
isa$xinst                    (abs)        000000
main@Valor_conversor         cstackCOMRAM 00003A
main@digito1                 cstackCOMRAM 000034
main@digito2                 cstackCOMRAM 000036
main@digito3                 cstackCOMRAM 000038
main@temp                    cstackCOMRAM 000042
main@temperatura1            cstackCOMRAM 00003C
main@temperatura2            cstackCOMRAM 000040
main@temperatura3            cstackCOMRAM 00003E
putsXLCD@buffer              cstackCOMRAM 000002
stackhi                      (abs)        0007FF
stacklo                      (abs)        000060
start                        init         000000
start_initialization         cinit        001AE2


MODULE INFORMATION

Module		Function		Class		Link	Load	Size
newmain.c
		_DescobrePosicao		CODE           	1A60	0000	58
		_main          		CODE           	0D06	0000	1084
		_LeTecladoMatricial		CODE           	082A	0000	1244

newmain.c estimated size: 2386

C:\Program Files\Microchip\xc8\v2.32\pic\sources\c99\common\Umul16.c
		___wmul        		CODE           	1A9A	0000	38

C:\Program Files\Microchip\xc8\v2.32\pic\sources\c99\common\Umul16.c estimated size: 38

nxlcd.c
		_BusyXLCD      		CODE           	195E	0000	70
		_putsXLCD      		CODE           	1914	0000	74
		_DelayFor18TCY 		CODE           	1AF0	0000	10
		_DelayXLCD     		CODE           	1AC0	0000	18
		_WriteCmdXLCD  		CODE           	1A22	0000	62
		_OpenXLCD      		CODE           	1826	0000	238
		_WriteDataXLCD 		CODE           	19E4	0000	62
		_SetDDRamAddr  		CODE           	19A4	0000	64
		_DelayPORXLCD  		CODE           	1AD2	0000	16

nxlcd.c estimated size: 614

shared
		__initialization		CODE           	1AE2	0000	1

shared estimated size: 1

C:\Program Files\Microchip\xc8\v2.32\pic\sources\c99\common\sprcmul.c
		___flmul       		CODE           	1142	0000	1066

C:\Program Files\Microchip\xc8\v2.32\pic\sources\c99\common\sprcmul.c estimated size: 1066

C:\Program Files\Microchip\xc8\v2.32\pic\sources\c99\common\fltol.c
		___fltol       		CODE           	1720	0000	262

C:\Program Files\Microchip\xc8\v2.32\pic\sources\c99\common\fltol.c estimated size: 262

C:\Program Files\Microchip\xc8\v2.32\pic\sources\c99\common\xxtofl.c
		___xxtofl      		CODE           	156C	0000	436

C:\Program Files\Microchip\xc8\v2.32\pic\sources\c99\common\xxtofl.c estimated size: 436

